// Vitest Snapshot v1, https://vitest.dev/guide/snapshot.html

exports[`Statistics Screen > should match snapshot 1`] = `
<DocumentFragment>
  <div
    class="statistics-screen"
  >
    <div>
       дата / правильно / неправильно / середній час відповіді
    </div>
    <div
      class="statistics-list-item"
    >
      <div
        class="statistics-list-item-cell datetime"
      >
        6/14/2025, 3:51:09 PM
      </div>
      <div
        class="statistics-list-item-cell correct"
      >
        10
      </div>
      <div
        class="statistics-list-item-cell incorrect"
      >
        10
      </div>
      <div
        class="statistics-list-item-cell average-response-time"
      >
        0.24 c.
      </div>
    </div>
    <div>
      <button>
        На початок
      </button>
      <button>
        Очистити статистику
      </button>
    </div>
  </div>
</DocumentFragment>
`;
